[2026-08-23 23:19:03,647:INFO:main:>>>>>> stage Data Ingestion stage started <<<<<<]
[2026-08-23 23:19:03,652:INFO:common:Yaml File : config\config.yaml Loaded successfully]
[2026-08-23 23:19:03,655:INFO:common:Yaml File : params.yaml Loaded successfully]
[2026-08-23 23:19:03,656:INFO:common:Created directory at : artifacts]
[2026-08-23 23:19:03,656:INFO:common:Created directory at : artifacts/data_ingestion]
[2026-08-23 23:19:04,466:WARNING:data_ingestion:Download failed: HTTP Error 404: Not Found. Attempting fallback from local data directory.]
[2026-08-23 23:19:04,480:INFO:data_ingestion:Copied local backup file from data\Chicken-fecal-images.zip to artifacts/data_ingestion/data.zip]
[2026-08-23 23:19:04,483:ERROR:main:maximum recursion depth exceeded]
Traceback (most recent call last):
  File "D:\AI-ML\REAL WORLD PROJECTS\DEEP LEARNING\Poultry-Disease-Identification\main.py", line 12, in <module>
    data_ingestion.main()
  File "D:\AI-ML\REAL WORLD PROJECTS\DEEP LEARNING\Poultry-Disease-Identification\src\cnnClassifier\pipeline\stage_01_data_ingestion.py", line 16, in main
    data_ingestion.extract_zip_file()
  File "D:\AI-ML\REAL WORLD PROJECTS\DEEP LEARNING\Poultry-Disease-Identification\src\cnnClassifier\components\data_ingestion.py", line 41, in extract_zip_file
    self.extract_zip_file()
  File "D:\AI-ML\REAL WORLD PROJECTS\DEEP LEARNING\Poultry-Disease-Identification\src\cnnClassifier\components\data_ingestion.py", line 41, in extract_zip_file
    self.extract_zip_file()
  File "D:\AI-ML\REAL WORLD PROJECTS\DEEP LEARNING\Poultry-Disease-Identification\src\cnnClassifier\components\data_ingestion.py", line 41, in extract_zip_file
    self.extract_zip_file()
  [Previous line repeated 2995 more times]
RecursionError: maximum recursion depth exceeded
[2026-08-23 23:19:27,466:INFO:main:>>>>>> stage Data Ingestion stage started <<<<<<]
[2026-08-23 23:19:27,470:INFO:common:Yaml File : config\config.yaml Loaded successfully]
[2026-08-23 23:19:27,472:INFO:common:Yaml File : params.yaml Loaded successfully]
[2026-08-23 23:19:27,473:INFO:common:Created directory at : artifacts]
[2026-08-23 23:19:27,473:INFO:common:Created directory at : artifacts/data_ingestion]
[2026-08-23 23:19:27,474:INFO:data_ingestion:File already exists of size : ~ 11345 KB]
[2026-08-23 23:19:27,979:INFO:main:>>>>>> stage Data Ingestion stage completed <<<<<<

x==========x]
[2026-08-23 23:19:27,979:INFO:main:*******************]
[2026-08-23 23:19:27,980:INFO:main:>>>>>> stage Prepare base model started <<<<<<]
[2026-08-23 23:19:27,983:INFO:common:Yaml File : config\config.yaml Loaded successfully]
[2026-08-23 23:19:27,986:INFO:common:Yaml File : params.yaml Loaded successfully]
[2026-08-23 23:19:27,986:INFO:common:Created directory at : artifacts]
[2026-08-23 23:19:27,987:INFO:common:Created directory at : artifacts/prepare_base_model]
[2026-08-23 23:20:09,591:WARNING:saving_api:You are saving your model as an HDF5 file via `model.save()` or `keras.saving.save_model(model)`. This file format is considered legacy. We recommend using instead the native Keras format, e.g. `model.save('my_model.keras')` or `keras.saving.save_model(model, 'my_model.keras')`. ]
[2026-08-23 23:20:09,742:WARNING:config:TensorFlow GPU support is not available on native Windows for TensorFlow >= 2.11. Even if CUDA/cuDNN are installed, GPU will not be used. Please use WSL2 or the TensorFlow-DirectML plugin.]
[2026-08-23 23:20:09,794:WARNING:saving_api:You are saving your model as an HDF5 file via `model.save()` or `keras.saving.save_model(model)`. This file format is considered legacy. We recommend using instead the native Keras format, e.g. `model.save('my_model.keras')` or `keras.saving.save_model(model, 'my_model.keras')`. ]
[2026-08-23 23:20:09,904:INFO:main:>>>>>> stage Prepare base model completed <<<<<<

x==========x]
[2026-08-23 23:20:09,904:INFO:main:*******************]
[2026-08-23 23:20:09,905:INFO:main:>>>>>> stage Training started <<<<<<]
[2026-08-23 23:20:09,908:INFO:common:Yaml File : config\config.yaml Loaded successfully]
[2026-08-23 23:20:09,910:INFO:common:Yaml File : params.yaml Loaded successfully]
[2026-08-23 23:20:09,910:INFO:common:Created directory at : artifacts]
[2026-08-23 23:20:09,911:INFO:common:Created directory at : artifacts\prepare_callbacks\checkpoint_dir]
[2026-08-23 23:20:09,911:INFO:common:Created directory at : artifacts\prepare_callbacks\tensorboard_root_log_dir]
[2026-08-23 23:20:09,913:INFO:common:Created directory at : artifacts\training]
[2026-08-23 23:20:10,116:WARNING:saving_utils:Compiled the loaded model, but the compiled metrics have yet to be built. `model.compile_metrics` will be empty until you train or evaluate the model.]
[2026-08-23 23:20:13,417:ERROR:main:Unknown variable: <Variable path=dense/kernel, shape=(25088, 2), dtype=float32>. This optimizer can only be called for the variables it was originally built with. When working with a new set of variables, you should recreate a new optimizer instance.]
Traceback (most recent call last):
  File "D:\AI-ML\REAL WORLD PROJECTS\DEEP LEARNING\Poultry-Disease-Identification\main.py", line 40, in <module>
    model_trainer.main()
  File "D:\AI-ML\REAL WORLD PROJECTS\DEEP LEARNING\Poultry-Disease-Identification\src\cnnClassifier\pipeline\stage_03_training.py", line 22, in main
    training.train(
  File "D:\AI-ML\REAL WORLD PROJECTS\DEEP LEARNING\Poultry-Disease-Identification\src\cnnClassifier\components\training.py", line 61, in train
    self.model.fit(
  File "C:\Users\zahee\miniconda3\envs\ai-ml\Lib\site-packages\keras\src\utils\traceback_utils.py", line 122, in error_handler
    raise e.with_traceback(filtered_tb) from None
  File "C:\Users\zahee\miniconda3\envs\ai-ml\Lib\site-packages\keras\src\optimizers\base_optimizer.py", line 408, in _check_variables_are_known
    raise ValueError(
ValueError: Unknown variable: <Variable path=dense/kernel, shape=(25088, 2), dtype=float32>. This optimizer can only be called for the variables it was originally built with. When working with a new set of variables, you should recreate a new optimizer instance.
[2026-08-23 23:20:41,163:INFO:main:>>>>>> stage Data Ingestion stage started <<<<<<]
[2026-08-23 23:20:41,167:INFO:common:Yaml File : config\config.yaml Loaded successfully]
[2026-08-23 23:20:41,169:INFO:common:Yaml File : params.yaml Loaded successfully]
[2026-08-23 23:20:41,170:INFO:common:Created directory at : artifacts]
[2026-08-23 23:20:41,171:INFO:common:Created directory at : artifacts/data_ingestion]
[2026-08-23 23:20:41,171:INFO:data_ingestion:File already exists of size : ~ 11345 KB]
[2026-08-23 23:20:41,599:INFO:main:>>>>>> stage Data Ingestion stage completed <<<<<<

x==========x]
[2026-08-23 23:20:41,600:INFO:main:*******************]
[2026-08-23 23:20:41,600:INFO:main:>>>>>> stage Prepare base model started <<<<<<]
[2026-08-23 23:20:41,602:INFO:common:Yaml File : config\config.yaml Loaded successfully]
[2026-08-23 23:20:41,604:INFO:common:Yaml File : params.yaml Loaded successfully]
[2026-08-23 23:20:41,606:INFO:common:Created directory at : artifacts]
[2026-08-23 23:20:41,607:INFO:common:Created directory at : artifacts/prepare_base_model]
[2026-08-23 23:20:42,082:WARNING:saving_api:You are saving your model as an HDF5 file via `model.save()` or `keras.saving.save_model(model)`. This file format is considered legacy. We recommend using instead the native Keras format, e.g. `model.save('my_model.keras')` or `keras.saving.save_model(model, 'my_model.keras')`. ]
[2026-08-23 23:20:42,226:WARNING:config:TensorFlow GPU support is not available on native Windows for TensorFlow >= 2.11. Even if CUDA/cuDNN are installed, GPU will not be used. Please use WSL2 or the TensorFlow-DirectML plugin.]
[2026-08-23 23:20:42,273:WARNING:saving_api:You are saving your model as an HDF5 file via `model.save()` or `keras.saving.save_model(model)`. This file format is considered legacy. We recommend using instead the native Keras format, e.g. `model.save('my_model.keras')` or `keras.saving.save_model(model, 'my_model.keras')`. ]
[2026-08-23 23:20:42,401:INFO:main:>>>>>> stage Prepare base model completed <<<<<<

x==========x]
[2026-08-23 23:20:42,401:INFO:main:*******************]
[2026-08-23 23:20:42,402:INFO:main:>>>>>> stage Training started <<<<<<]
[2026-08-23 23:20:42,406:INFO:common:Yaml File : config\config.yaml Loaded successfully]
[2026-08-23 23:20:42,408:INFO:common:Yaml File : params.yaml Loaded successfully]
[2026-08-23 23:20:42,409:INFO:common:Created directory at : artifacts]
[2026-08-23 23:20:42,409:INFO:common:Created directory at : artifacts\prepare_callbacks\checkpoint_dir]
[2026-08-23 23:20:42,410:INFO:common:Created directory at : artifacts\prepare_callbacks\tensorboard_root_log_dir]
[2026-08-23 23:20:42,411:INFO:common:Created directory at : artifacts\training]
[2026-08-23 23:20:42,617:WARNING:saving_utils:Compiled the loaded model, but the compiled metrics have yet to be built. `model.compile_metrics` will be empty until you train or evaluate the model.]
[2026-08-23 23:20:47,770:ERROR:main:TensorBoard is not installed, missing implementation for tf.summary.scalar]
Traceback (most recent call last):
  File "D:\AI-ML\REAL WORLD PROJECTS\DEEP LEARNING\Poultry-Disease-Identification\main.py", line 40, in <module>
    model_trainer.main()
  File "D:\AI-ML\REAL WORLD PROJECTS\DEEP LEARNING\Poultry-Disease-Identification\src\cnnClassifier\pipeline\stage_03_training.py", line 22, in main
    training.train(
  File "D:\AI-ML\REAL WORLD PROJECTS\DEEP LEARNING\Poultry-Disease-Identification\src\cnnClassifier\components\training.py", line 66, in train
    self.model.fit(
  File "C:\Users\zahee\miniconda3\envs\ai-ml\Lib\site-packages\keras\src\utils\traceback_utils.py", line 122, in error_handler
    raise e.with_traceback(filtered_tb) from None
  File "C:\Users\zahee\miniconda3\envs\ai-ml\Lib\site-packages\tensorflow\python\summary\tb_summary.py", line 298, in scalar
    raise TBNotInstalledError("tf.summary.scalar") from exc
tensorflow.python.summary.tb_summary.TBNotInstalledError: TensorBoard is not installed, missing implementation for tf.summary.scalar
[2026-08-23 23:22:33,856:INFO:common:Yaml File : config\config.yaml Loaded successfully]
[2026-08-23 23:22:33,860:INFO:common:Yaml File : params.yaml Loaded successfully]
[2026-08-23 23:22:33,863:INFO:common:Created directory at : artifacts]
[2026-08-23 23:22:33,865:INFO:common:Created directory at : artifacts/data_ingestion]
[2026-08-23 23:22:33,867:INFO:1170291011:File already exists of size: ~ 11345 KB]
[2026-08-23 23:26:38,854:INFO:common:Yaml File : config\config.yaml Loaded successfully]
[2026-08-23 23:26:38,857:INFO:common:Yaml File : params.yaml Loaded successfully]
[2026-08-23 23:26:38,858:INFO:common:Created directory at : artifacts]
[2026-08-23 23:26:38,859:INFO:common:Created directory at : artifacts/prepare_base_model]
[2026-08-23 23:26:39,338:WARNING:saving_api:You are saving your model as an HDF5 file via `model.save()` or `keras.saving.save_model(model)`. This file format is considered legacy. We recommend using instead the native Keras format, e.g. `model.save('my_model.keras')` or `keras.saving.save_model(model, 'my_model.keras')`. ]
[2026-08-23 23:26:39,488:WARNING:config:TensorFlow GPU support is not available on native Windows for TensorFlow >= 2.11. Even if CUDA/cuDNN are installed, GPU will not be used. Please use WSL2 or the TensorFlow-DirectML plugin.]
[2026-08-23 23:26:39,536:WARNING:saving_api:You are saving your model as an HDF5 file via `model.save()` or `keras.saving.save_model(model)`. This file format is considered legacy. We recommend using instead the native Keras format, e.g. `model.save('my_model.keras')` or `keras.saving.save_model(model, 'my_model.keras')`. ]
[2026-08-23 23:28:17,812:INFO:common:Yaml File : config\config.yaml Loaded successfully]
[2026-08-23 23:28:17,815:INFO:common:Yaml File : params.yaml Loaded successfully]
[2026-08-23 23:28:17,818:INFO:common:Created directory at : artifacts]
[2026-08-23 23:28:17,821:INFO:common:Created directory at : artifacts\prepare_callbacks\checkpoint_dir]
[2026-08-23 23:28:17,822:INFO:common:Created directory at : artifacts\prepare_callbacks\tensorboard_root_log_dir]
[2026-08-23 23:29:54,470:INFO:common:Yaml File : config\config.yaml Loaded successfully]
[2026-08-23 23:29:54,474:INFO:common:Yaml File : params.yaml Loaded successfully]
[2026-08-23 23:29:54,477:INFO:common:Created directory at : artifacts]
[2026-08-23 23:29:54,479:INFO:common:Created directory at : artifacts\prepare_callbacks\checkpoint_dir]
[2026-08-23 23:29:54,482:INFO:common:Created directory at : artifacts\prepare_callbacks\tensorboard_root_log_dir]
[2026-08-23 23:29:54,483:INFO:common:Created directory at : artifacts\training]
[2026-08-23 23:29:54,829:WARNING:config:TensorFlow GPU support is not available on native Windows for TensorFlow >= 2.11. Even if CUDA/cuDNN are installed, GPU will not be used. Please use WSL2 or the TensorFlow-DirectML plugin.]
[2026-08-23 23:29:54,832:WARNING:saving_utils:Compiled the loaded model, but the compiled metrics have yet to be built. `model.compile_metrics` will be empty until you train or evaluate the model.]
[2026-08-23 23:30:15,862:INFO:common:Yaml File : config\config.yaml Loaded successfully]
[2026-08-23 23:30:15,866:INFO:common:Yaml File : params.yaml Loaded successfully]
[2026-08-23 23:30:15,870:INFO:common:Created directory at : artifacts]
[2026-08-23 23:30:15,870:INFO:common:Created directory at : artifacts\prepare_callbacks\checkpoint_dir]
[2026-08-23 23:30:15,870:INFO:common:Created directory at : artifacts\prepare_callbacks\tensorboard_root_log_dir]
[2026-08-23 23:30:15,870:INFO:common:Created directory at : artifacts\training]
[2026-08-23 23:30:16,191:WARNING:config:TensorFlow GPU support is not available on native Windows for TensorFlow >= 2.11. Even if CUDA/cuDNN are installed, GPU will not be used. Please use WSL2 or the TensorFlow-DirectML plugin.]
[2026-08-23 23:30:16,191:WARNING:saving_utils:Compiled the loaded model, but the compiled metrics have yet to be built. `model.compile_metrics` will be empty until you train or evaluate the model.]
[2026-08-23 23:31:12,332:INFO:main:>>>>>> stage Data Ingestion stage started <<<<<<]
[2026-08-23 23:31:12,336:INFO:common:Yaml File : config\config.yaml Loaded successfully]
[2026-08-23 23:31:12,337:INFO:common:Yaml File : params.yaml Loaded successfully]
[2026-08-23 23:31:12,338:INFO:common:Created directory at : artifacts]
[2026-08-23 23:31:12,339:INFO:common:Created directory at : artifacts/data_ingestion]
[2026-08-23 23:31:12,339:INFO:data_ingestion:File already exists of size : ~ 11345 KB]
[2026-08-23 23:31:12,734:INFO:main:>>>>>> stage Data Ingestion stage completed <<<<<<

x==========x]
[2026-08-23 23:31:12,734:INFO:main:*******************]
[2026-08-23 23:31:12,734:INFO:main:>>>>>> stage Prepare base model started <<<<<<]
[2026-08-23 23:31:12,738:INFO:common:Yaml File : config\config.yaml Loaded successfully]
[2026-08-23 23:31:12,740:INFO:common:Yaml File : params.yaml Loaded successfully]
[2026-08-23 23:31:12,741:INFO:common:Created directory at : artifacts]
[2026-08-23 23:31:12,741:INFO:common:Created directory at : artifacts/prepare_base_model]
[2026-08-23 23:31:13,178:WARNING:saving_api:You are saving your model as an HDF5 file via `model.save()` or `keras.saving.save_model(model)`. This file format is considered legacy. We recommend using instead the native Keras format, e.g. `model.save('my_model.keras')` or `keras.saving.save_model(model, 'my_model.keras')`. ]
[2026-08-23 23:31:13,346:WARNING:config:TensorFlow GPU support is not available on native Windows for TensorFlow >= 2.11. Even if CUDA/cuDNN are installed, GPU will not be used. Please use WSL2 or the TensorFlow-DirectML plugin.]
[2026-08-23 23:31:13,388:WARNING:saving_api:You are saving your model as an HDF5 file via `model.save()` or `keras.saving.save_model(model)`. This file format is considered legacy. We recommend using instead the native Keras format, e.g. `model.save('my_model.keras')` or `keras.saving.save_model(model, 'my_model.keras')`. ]
[2026-08-23 23:31:13,513:INFO:main:>>>>>> stage Prepare base model completed <<<<<<

x==========x]
[2026-08-23 23:31:13,513:INFO:main:*******************]
[2026-08-23 23:31:13,513:INFO:main:>>>>>> stage Training started <<<<<<]
[2026-08-23 23:31:13,517:INFO:common:Yaml File : config\config.yaml Loaded successfully]
[2026-08-23 23:31:13,519:INFO:common:Yaml File : params.yaml Loaded successfully]
[2026-08-23 23:31:13,520:INFO:common:Created directory at : artifacts]
[2026-08-23 23:31:13,520:INFO:common:Created directory at : artifacts\prepare_callbacks\checkpoint_dir]
[2026-08-23 23:31:13,521:INFO:common:Created directory at : artifacts\prepare_callbacks\tensorboard_root_log_dir]
[2026-08-23 23:31:13,522:INFO:common:Created directory at : artifacts\training]
[2026-08-23 23:31:13,751:WARNING:saving_utils:Compiled the loaded model, but the compiled metrics have yet to be built. `model.compile_metrics` will be empty until you train or evaluate the model.]
[2026-08-23 23:31:42,647:WARNING:saving_api:You are saving your model as an HDF5 file via `model.save()` or `keras.saving.save_model(model)`. This file format is considered legacy. We recommend using instead the native Keras format, e.g. `model.save('my_model.keras')` or `keras.saving.save_model(model, 'my_model.keras')`. ]
[2026-08-23 23:31:42,795:WARNING:saving_api:You are saving your model as an HDF5 file via `model.save()` or `keras.saving.save_model(model)`. This file format is considered legacy. We recommend using instead the native Keras format, e.g. `model.save('my_model.keras')` or `keras.saving.save_model(model, 'my_model.keras')`. ]
[2026-08-23 23:31:42,911:INFO:main:>>>>>> stage Training completed <<<<<<

x==========x]
[2026-08-23 23:31:42,911:INFO:main:*******************]
[2026-08-23 23:31:42,911:INFO:main:>>>>>> stage Evaluation stage started <<<<<<]
[2026-08-23 23:31:42,915:INFO:common:Yaml File : config\config.yaml Loaded successfully]
[2026-08-23 23:31:42,919:INFO:common:Yaml File : params.yaml Loaded successfully]
[2026-08-23 23:31:42,920:INFO:common:Created directory at : artifacts]
[2026-08-23 23:31:43,142:WARNING:saving_utils:Compiled the loaded model, but the compiled metrics have yet to be built. `model.compile_metrics` will be empty until you train or evaluate the model.]
[2026-08-23 23:31:51,483:INFO:common:Json file saved at : scores.json]
[2026-08-23 23:31:51,484:INFO:main:>>>>>> stage Evaluation stage completed <<<<<<

x==========x]
[2026-08-23 23:32:09,946:INFO:main:>>>>>> stage Data Ingestion stage started <<<<<<]
[2026-08-23 23:32:09,952:INFO:common:Yaml File : config\config.yaml Loaded successfully]
[2026-08-23 23:32:09,955:INFO:common:Yaml File : params.yaml Loaded successfully]
[2026-08-23 23:32:09,956:INFO:common:Created directory at : artifacts]
[2026-08-23 23:32:09,957:INFO:common:Created directory at : artifacts/data_ingestion]
[2026-08-23 23:32:09,958:INFO:data_ingestion:File already exists of size : ~ 11345 KB]
[2026-08-23 23:32:10,365:INFO:main:>>>>>> stage Data Ingestion stage completed <<<<<<

x==========x]
[2026-08-23 23:32:10,365:INFO:main:*******************]
[2026-08-23 23:32:10,365:INFO:main:>>>>>> stage Prepare base model started <<<<<<]
[2026-08-23 23:32:10,373:INFO:common:Yaml File : config\config.yaml Loaded successfully]
[2026-08-23 23:32:10,375:INFO:common:Yaml File : params.yaml Loaded successfully]
[2026-08-23 23:32:10,376:INFO:common:Created directory at : artifacts]
[2026-08-23 23:32:10,376:INFO:common:Created directory at : artifacts/prepare_base_model]
[2026-08-23 23:32:10,838:WARNING:saving_api:You are saving your model as an HDF5 file via `model.save()` or `keras.saving.save_model(model)`. This file format is considered legacy. We recommend using instead the native Keras format, e.g. `model.save('my_model.keras')` or `keras.saving.save_model(model, 'my_model.keras')`. ]
[2026-08-23 23:32:11,023:WARNING:config:TensorFlow GPU support is not available on native Windows for TensorFlow >= 2.11. Even if CUDA/cuDNN are installed, GPU will not be used. Please use WSL2 or the TensorFlow-DirectML plugin.]
[2026-08-23 23:32:11,065:WARNING:saving_api:You are saving your model as an HDF5 file via `model.save()` or `keras.saving.save_model(model)`. This file format is considered legacy. We recommend using instead the native Keras format, e.g. `model.save('my_model.keras')` or `keras.saving.save_model(model, 'my_model.keras')`. ]
[2026-08-23 23:32:11,183:INFO:main:>>>>>> stage Prepare base model completed <<<<<<

x==========x]
[2026-08-23 23:32:11,183:INFO:main:*******************]
[2026-08-23 23:32:11,183:INFO:main:>>>>>> stage Training started <<<<<<]
[2026-08-23 23:32:11,188:INFO:common:Yaml File : config\config.yaml Loaded successfully]
[2026-08-23 23:32:11,190:INFO:common:Yaml File : params.yaml Loaded successfully]
[2026-08-23 23:32:11,191:INFO:common:Created directory at : artifacts]
[2026-08-23 23:32:11,193:INFO:common:Created directory at : artifacts\prepare_callbacks\checkpoint_dir]
[2026-08-23 23:32:11,193:INFO:common:Created directory at : artifacts\prepare_callbacks\tensorboard_root_log_dir]
[2026-08-23 23:32:11,194:INFO:common:Created directory at : artifacts\training]
[2026-08-23 23:32:40,874:WARNING:saving_api:You are saving your model as an HDF5 file via `model.save()` or `keras.saving.save_model(model)`. This file format is considered legacy. We recommend using instead the native Keras format, e.g. `model.save('my_model.keras')` or `keras.saving.save_model(model, 'my_model.keras')`. ]
[2026-08-23 23:32:41,086:WARNING:saving_api:You are saving your model as an HDF5 file via `model.save()` or `keras.saving.save_model(model)`. This file format is considered legacy. We recommend using instead the native Keras format, e.g. `model.save('my_model.keras')` or `keras.saving.save_model(model, 'my_model.keras')`. ]
[2026-08-23 23:32:41,217:INFO:main:>>>>>> stage Training completed <<<<<<

x==========x]
[2026-08-23 23:32:41,217:INFO:main:*******************]
[2026-08-23 23:32:41,218:INFO:main:>>>>>> stage Evaluation stage started <<<<<<]
[2026-08-23 23:32:41,221:INFO:common:Yaml File : config\config.yaml Loaded successfully]
[2026-08-23 23:32:41,223:INFO:common:Yaml File : params.yaml Loaded successfully]
[2026-08-23 23:32:41,223:INFO:common:Created directory at : artifacts]
[2026-08-23 23:32:50,596:INFO:common:Json file saved at : scores.json]
[2026-08-23 23:32:50,597:INFO:main:>>>>>> stage Evaluation stage completed <<<<<<

x==========x]
